// Jest Snapshot v1, https://goo.gl/fbAQLP

exports[`the ParticipantList component should correctly render ParticipantInfo components 1`] = `
<aside
  className="makeStyles-container-1 makeStyles-transparentBackground-2"
>
  <div
    className="makeStyles-scrollContainer-3"
  >
    <Participant
      isLocalParticipant={true}
      isSelected={false}
      onClick={[Function]}
      participant="localParticipant"
    />
    <Participant
      isSelected={false}
      key="0"
      onClick={[Function]}
      participant={
        Object {
          "sid": 0,
        }
      }
    />
    <Participant
      isSelected={false}
      key="1"
      onClick={[Function]}
      participant={
        Object {
          "sid": 1,
        }
      }
    />
  </div>
</aside>
`;
