// Jest Snapshot v1, https://goo.gl/fbAQLP

exports[`the ConnectionOptions component when connected to a room should render correctly 1`] = `
<WithStyles(ForwardRef(DialogContent))>
  <WithStyles(ForwardRef(Grid))
    container={true}
  >
    <WithStyles(ForwardRef(Typography))
      hidden={false}
      variant="body2"
    >
      These settings can only be changed when not connectd to a room.
    </WithStyles(ForwardRef(Typography))>
    <WithStyles(ForwardRef(Grid))
      item={true}
      sm={6}
      xs={12}
    >
      <WithStyles(ForwardRef(FormControl))
        className="makeStyles-formControl-1"
      >
        <WithStyles(ForwardRef(InputLabel))
          id="dominantSpeakerPriority"
        >
          Dominant Speaker Priority:
        </WithStyles(ForwardRef(InputLabel))>
        <WithStyles(ForwardRef(Select))
          disabled={true}
          fullWidth={true}
          label="dominantSpeakerPriority"
          name="dominantSpeakerPriority"
          onChange={[Function]}
          value="standard"
        >
          <WithStyles(ForwardRef(MenuItem))
            value="low"
          >
            Low
          </WithStyles(ForwardRef(MenuItem))>
          <WithStyles(ForwardRef(MenuItem))
            value="standard"
          >
            Standard
          </WithStyles(ForwardRef(MenuItem))>
          <WithStyles(ForwardRef(MenuItem))
            value="high"
          >
            High
          </WithStyles(ForwardRef(MenuItem))>
          <WithStyles(ForwardRef(MenuItem))
            value="default"
          >
            Server Default
          </WithStyles(ForwardRef(MenuItem))>
        </WithStyles(ForwardRef(Select))>
      </WithStyles(ForwardRef(FormControl))>
      <WithStyles(ForwardRef(FormControl))
        className="makeStyles-formControl-1"
      >
        <WithStyles(ForwardRef(InputLabel))
          id="trackSwitchOffMode"
        >
          Track Switch Off Mode:
        </WithStyles(ForwardRef(InputLabel))>
        <WithStyles(ForwardRef(Select))
          disabled={true}
          fullWidth={true}
          label="trackSwitchOffMode"
          name="trackSwitchOffMode"
          onChange={[Function]}
          value="default"
        >
          <WithStyles(ForwardRef(MenuItem))
            value="predicted"
          >
            Predicted
          </WithStyles(ForwardRef(MenuItem))>
          <WithStyles(ForwardRef(MenuItem))
            value="detected"
          >
            Detected
          </WithStyles(ForwardRef(MenuItem))>
          <WithStyles(ForwardRef(MenuItem))
            value="disabled"
          >
            Disabled
          </WithStyles(ForwardRef(MenuItem))>
          <WithStyles(ForwardRef(MenuItem))
            value="default"
          >
            Server Default
          </WithStyles(ForwardRef(MenuItem))>
        </WithStyles(ForwardRef(Select))>
      </WithStyles(ForwardRef(FormControl))>
      <WithStyles(ForwardRef(FormControl))
        className="makeStyles-formControl-1"
      >
        <WithStyles(ForwardRef(InputLabel))
          id="bandwidthProfileMode"
        >
          Mode:
        </WithStyles(ForwardRef(InputLabel))>
        <WithStyles(ForwardRef(Select))
          disabled={true}
          fullWidth={true}
          label="bandwidthProfileMode"
          name="bandwidthProfileMode"
          onChange={[Function]}
          value="collaboration"
        >
          <WithStyles(ForwardRef(MenuItem))
            value="grid"
          >
            Grid
          </WithStyles(ForwardRef(MenuItem))>
          <WithStyles(ForwardRef(MenuItem))
            value="collaboration"
          >
            Collaboration
          </WithStyles(ForwardRef(MenuItem))>
          <WithStyles(ForwardRef(MenuItem))
            value="presentation"
          >
            Presentation
          </WithStyles(ForwardRef(MenuItem))>
          <WithStyles(ForwardRef(MenuItem))
            value="default"
          >
            Server Default
          </WithStyles(ForwardRef(MenuItem))>
        </WithStyles(ForwardRef(Select))>
      </WithStyles(ForwardRef(FormControl))>
      <WithStyles(ForwardRef(FormControl))
        className="makeStyles-formControl-1"
      >
        <WithStyles(ForwardRef(TextField))
          disabled={true}
          fullWidth={true}
          id="maxTracks"
          label="Max Tracks"
          name="maxTracks"
          onChange={[Function]}
          value="10"
        />
      </WithStyles(ForwardRef(FormControl))>
      <WithStyles(ForwardRef(FormControl))
        className="makeStyles-formControl-1"
      >
        <WithStyles(ForwardRef(TextField))
          disabled={true}
          fullWidth={true}
          id="maxAudioBitrate"
          label="Audio Bitrate"
          name="maxAudioBitrate"
          onChange={[Function]}
          value="16000"
        />
      </WithStyles(ForwardRef(FormControl))>
    </WithStyles(ForwardRef(Grid))>
    <WithStyles(ForwardRef(Grid))
      item={true}
      sm={6}
      xs={12}
    >
      <WithStyles(ForwardRef(FormControl))
        className="makeStyles-formControl-1"
        fullWidth={true}
      >
        <WithStyles(ForwardRef(InputLabel))
          className="makeStyles-label-2"
          id="renderDimensionLow"
        >
          Render Dimension (Low Priority):
        </WithStyles(ForwardRef(InputLabel))>
        <WithStyles(ForwardRef(Select))
          disabled={true}
          fullWidth={true}
          label="renderDimensionLow"
          name="renderDimensionLow"
          onChange={[Function]}
          value="low"
        >
          <WithStyles(ForwardRef(MenuItem))
            key="low"
            value="low"
          >
            Low (160 x 90)
          </WithStyles(ForwardRef(MenuItem))>
          <WithStyles(ForwardRef(MenuItem))
            key="standard"
            value="standard"
          >
            Standard (1280 x 720)
          </WithStyles(ForwardRef(MenuItem))>
          <WithStyles(ForwardRef(MenuItem))
            key="high"
            value="high"
          >
            High (1920 x 1080)
          </WithStyles(ForwardRef(MenuItem))>
          <WithStyles(ForwardRef(MenuItem))
            key="default"
            value="default"
          >
            Server Default
          </WithStyles(ForwardRef(MenuItem))>
        </WithStyles(ForwardRef(Select))>
      </WithStyles(ForwardRef(FormControl))>
      <WithStyles(ForwardRef(FormControl))
        className="makeStyles-formControl-1"
        fullWidth={true}
      >
        <WithStyles(ForwardRef(InputLabel))
          className="makeStyles-label-2"
          id="renderDimensionStandard"
        >
          Render Dimension (Standard Priority):
        </WithStyles(ForwardRef(InputLabel))>
        <WithStyles(ForwardRef(Select))
          disabled={true}
          fullWidth={true}
          label="renderDimensionStandard"
          name="renderDimensionStandard"
          onChange={[Function]}
          value="standard"
        >
          <WithStyles(ForwardRef(MenuItem))
            key="low"
            value="low"
          >
            Low (160 x 90)
          </WithStyles(ForwardRef(MenuItem))>
          <WithStyles(ForwardRef(MenuItem))
            key="standard"
            value="standard"
          >
            Standard (1280 x 720)
          </WithStyles(ForwardRef(MenuItem))>
          <WithStyles(ForwardRef(MenuItem))
            key="high"
            value="high"
          >
            High (1920 x 1080)
          </WithStyles(ForwardRef(MenuItem))>
          <WithStyles(ForwardRef(MenuItem))
            key="default"
            value="default"
          >
            Server Default
          </WithStyles(ForwardRef(MenuItem))>
        </WithStyles(ForwardRef(Select))>
      </WithStyles(ForwardRef(FormControl))>
      <WithStyles(ForwardRef(FormControl))
        className="makeStyles-formControl-1"
        fullWidth={true}
      >
        <WithStyles(ForwardRef(InputLabel))
          className="makeStyles-label-2"
          id="renderDimensionHigh"
        >
          Render Dimension (High Priority):
        </WithStyles(ForwardRef(InputLabel))>
        <WithStyles(ForwardRef(Select))
          disabled={true}
          fullWidth={true}
          label="renderDimensionHigh"
          name="renderDimensionHigh"
          onChange={[Function]}
          value="high"
        >
          <WithStyles(ForwardRef(MenuItem))
            key="low"
            value="low"
          >
            Low (160 x 90)
          </WithStyles(ForwardRef(MenuItem))>
          <WithStyles(ForwardRef(MenuItem))
            key="standard"
            value="standard"
          >
            Standard (1280 x 720)
          </WithStyles(ForwardRef(MenuItem))>
          <WithStyles(ForwardRef(MenuItem))
            key="high"
            value="high"
          >
            High (1920 x 1080)
          </WithStyles(ForwardRef(MenuItem))>
          <WithStyles(ForwardRef(MenuItem))
            key="default"
            value="default"
          >
            Server Default
          </WithStyles(ForwardRef(MenuItem))>
        </WithStyles(ForwardRef(Select))>
      </WithStyles(ForwardRef(FormControl))>
    </WithStyles(ForwardRef(Grid))>
  </WithStyles(ForwardRef(Grid))>
</WithStyles(ForwardRef(DialogContent))>
`;

exports[`the ConnectionOptions component when not connected to a room should render correctly 1`] = `
<WithStyles(ForwardRef(DialogContent))>
  <WithStyles(ForwardRef(Grid))
    container={true}
  >
    <WithStyles(ForwardRef(Typography))
      hidden={false}
      variant="body2"
    >
      These settings can only be changed when not connectd to a room.
    </WithStyles(ForwardRef(Typography))>
    <WithStyles(ForwardRef(Grid))
      item={true}
      sm={6}
      xs={12}
    >
      <WithStyles(ForwardRef(FormControl))
        className="makeStyles-formControl-1"
      >
        <WithStyles(ForwardRef(InputLabel))
          id="dominantSpeakerPriority"
        >
          Dominant Speaker Priority:
        </WithStyles(ForwardRef(InputLabel))>
        <WithStyles(ForwardRef(Select))
          disabled={true}
          fullWidth={true}
          label="dominantSpeakerPriority"
          name="dominantSpeakerPriority"
          onChange={[Function]}
          value="standard"
        >
          <WithStyles(ForwardRef(MenuItem))
            value="low"
          >
            Low
          </WithStyles(ForwardRef(MenuItem))>
          <WithStyles(ForwardRef(MenuItem))
            value="standard"
          >
            Standard
          </WithStyles(ForwardRef(MenuItem))>
          <WithStyles(ForwardRef(MenuItem))
            value="high"
          >
            High
          </WithStyles(ForwardRef(MenuItem))>
          <WithStyles(ForwardRef(MenuItem))
            value="default"
          >
            Server Default
          </WithStyles(ForwardRef(MenuItem))>
        </WithStyles(ForwardRef(Select))>
      </WithStyles(ForwardRef(FormControl))>
      <WithStyles(ForwardRef(FormControl))
        className="makeStyles-formControl-1"
      >
        <WithStyles(ForwardRef(InputLabel))
          id="trackSwitchOffMode"
        >
          Track Switch Off Mode:
        </WithStyles(ForwardRef(InputLabel))>
        <WithStyles(ForwardRef(Select))
          disabled={true}
          fullWidth={true}
          label="trackSwitchOffMode"
          name="trackSwitchOffMode"
          onChange={[Function]}
          value="default"
        >
          <WithStyles(ForwardRef(MenuItem))
            value="predicted"
          >
            Predicted
          </WithStyles(ForwardRef(MenuItem))>
          <WithStyles(ForwardRef(MenuItem))
            value="detected"
          >
            Detected
          </WithStyles(ForwardRef(MenuItem))>
          <WithStyles(ForwardRef(MenuItem))
            value="disabled"
          >
            Disabled
          </WithStyles(ForwardRef(MenuItem))>
          <WithStyles(ForwardRef(MenuItem))
            value="default"
          >
            Server Default
          </WithStyles(ForwardRef(MenuItem))>
        </WithStyles(ForwardRef(Select))>
      </WithStyles(ForwardRef(FormControl))>
      <WithStyles(ForwardRef(FormControl))
        className="makeStyles-formControl-1"
      >
        <WithStyles(ForwardRef(InputLabel))
          id="bandwidthProfileMode"
        >
          Mode:
        </WithStyles(ForwardRef(InputLabel))>
        <WithStyles(ForwardRef(Select))
          disabled={true}
          fullWidth={true}
          label="bandwidthProfileMode"
          name="bandwidthProfileMode"
          onChange={[Function]}
          value="collaboration"
        >
          <WithStyles(ForwardRef(MenuItem))
            value="grid"
          >
            Grid
          </WithStyles(ForwardRef(MenuItem))>
          <WithStyles(ForwardRef(MenuItem))
            value="collaboration"
          >
            Collaboration
          </WithStyles(ForwardRef(MenuItem))>
          <WithStyles(ForwardRef(MenuItem))
            value="presentation"
          >
            Presentation
          </WithStyles(ForwardRef(MenuItem))>
          <WithStyles(ForwardRef(MenuItem))
            value="default"
          >
            Server Default
          </WithStyles(ForwardRef(MenuItem))>
        </WithStyles(ForwardRef(Select))>
      </WithStyles(ForwardRef(FormControl))>
      <WithStyles(ForwardRef(FormControl))
        className="makeStyles-formControl-1"
      >
        <WithStyles(ForwardRef(TextField))
          disabled={true}
          fullWidth={true}
          id="maxTracks"
          label="Max Tracks"
          name="maxTracks"
          onChange={[Function]}
          value="10"
        />
      </WithStyles(ForwardRef(FormControl))>
      <WithStyles(ForwardRef(FormControl))
        className="makeStyles-formControl-1"
      >
        <WithStyles(ForwardRef(TextField))
          disabled={true}
          fullWidth={true}
          id="maxAudioBitrate"
          label="Audio Bitrate"
          name="maxAudioBitrate"
          onChange={[Function]}
          value="16000"
        />
      </WithStyles(ForwardRef(FormControl))>
    </WithStyles(ForwardRef(Grid))>
    <WithStyles(ForwardRef(Grid))
      item={true}
      sm={6}
      xs={12}
    >
      <WithStyles(ForwardRef(FormControl))
        className="makeStyles-formControl-1"
        fullWidth={true}
      >
        <WithStyles(ForwardRef(InputLabel))
          className="makeStyles-label-2"
          id="renderDimensionLow"
        >
          Render Dimension (Low Priority):
        </WithStyles(ForwardRef(InputLabel))>
        <WithStyles(ForwardRef(Select))
          disabled={true}
          fullWidth={true}
          label="renderDimensionLow"
          name="renderDimensionLow"
          onChange={[Function]}
          value="low"
        >
          <WithStyles(ForwardRef(MenuItem))
            key="low"
            value="low"
          >
            Low (160 x 90)
          </WithStyles(ForwardRef(MenuItem))>
          <WithStyles(ForwardRef(MenuItem))
            key="standard"
            value="standard"
          >
            Standard (1280 x 720)
          </WithStyles(ForwardRef(MenuItem))>
          <WithStyles(ForwardRef(MenuItem))
            key="high"
            value="high"
          >
            High (1920 x 1080)
          </WithStyles(ForwardRef(MenuItem))>
          <WithStyles(ForwardRef(MenuItem))
            key="default"
            value="default"
          >
            Server Default
          </WithStyles(ForwardRef(MenuItem))>
        </WithStyles(ForwardRef(Select))>
      </WithStyles(ForwardRef(FormControl))>
      <WithStyles(ForwardRef(FormControl))
        className="makeStyles-formControl-1"
        fullWidth={true}
      >
        <WithStyles(ForwardRef(InputLabel))
          className="makeStyles-label-2"
          id="renderDimensionStandard"
        >
          Render Dimension (Standard Priority):
        </WithStyles(ForwardRef(InputLabel))>
        <WithStyles(ForwardRef(Select))
          disabled={true}
          fullWidth={true}
          label="renderDimensionStandard"
          name="renderDimensionStandard"
          onChange={[Function]}
          value="standard"
        >
          <WithStyles(ForwardRef(MenuItem))
            key="low"
            value="low"
          >
            Low (160 x 90)
          </WithStyles(ForwardRef(MenuItem))>
          <WithStyles(ForwardRef(MenuItem))
            key="standard"
            value="standard"
          >
            Standard (1280 x 720)
          </WithStyles(ForwardRef(MenuItem))>
          <WithStyles(ForwardRef(MenuItem))
            key="high"
            value="high"
          >
            High (1920 x 1080)
          </WithStyles(ForwardRef(MenuItem))>
          <WithStyles(ForwardRef(MenuItem))
            key="default"
            value="default"
          >
            Server Default
          </WithStyles(ForwardRef(MenuItem))>
        </WithStyles(ForwardRef(Select))>
      </WithStyles(ForwardRef(FormControl))>
      <WithStyles(ForwardRef(FormControl))
        className="makeStyles-formControl-1"
        fullWidth={true}
      >
        <WithStyles(ForwardRef(InputLabel))
          className="makeStyles-label-2"
          id="renderDimensionHigh"
        >
          Render Dimension (High Priority):
        </WithStyles(ForwardRef(InputLabel))>
        <WithStyles(ForwardRef(Select))
          disabled={true}
          fullWidth={true}
          label="renderDimensionHigh"
          name="renderDimensionHigh"
          onChange={[Function]}
          value="high"
        >
          <WithStyles(ForwardRef(MenuItem))
            key="low"
            value="low"
          >
            Low (160 x 90)
          </WithStyles(ForwardRef(MenuItem))>
          <WithStyles(ForwardRef(MenuItem))
            key="standard"
            value="standard"
          >
            Standard (1280 x 720)
          </WithStyles(ForwardRef(MenuItem))>
          <WithStyles(ForwardRef(MenuItem))
            key="high"
            value="high"
          >
            High (1920 x 1080)
          </WithStyles(ForwardRef(MenuItem))>
          <WithStyles(ForwardRef(MenuItem))
            key="default"
            value="default"
          >
            Server Default
          </WithStyles(ForwardRef(MenuItem))>
        </WithStyles(ForwardRef(Select))>
      </WithStyles(ForwardRef(FormControl))>
    </WithStyles(ForwardRef(Grid))>
  </WithStyles(ForwardRef(Grid))>
</WithStyles(ForwardRef(DialogContent))>
`;
